{"level":"info","message":"\u001b[0mPOST /api/auth/register \u001b[32m201\u001b[0m 734.401 ms - 272\u001b[0m","timestamp":"2026-08-20T09:54:58.885Z"}
{"level":"info","message":"\u001b[0mPOST /api/auth/register \u001b[33m400\u001b[0m 65.050 ms - 50\u001b[0m","timestamp":"2026-08-27T09:52:13.383Z"}
{"level":"info","message":"\u001b[0mPOST /api/auth/register \u001b[33m400\u001b[0m 24.996 ms - 50\u001b[0m","timestamp":"2026-08-27T09:53:11.820Z"}
{"level":"info","message":"\u001b[0mPOST /api/auth/login \u001b[33m401\u001b[0m 142.707 ms - 55\u001b[0m","timestamp":"2026-08-27T09:54:09.078Z"}
{"level":"info","message":"\u001b[0mPOST /api/auth/login \u001b[33m401\u001b[0m 73.615 ms - 55\u001b[0m","timestamp":"2026-08-27T09:54:21.574Z"}
{"level":"info","message":"\u001b[0mPOST /api/auth/register \u001b[32m201\u001b[0m 497.734 ms - 264\u001b[0m","timestamp":"2026-08-27T09:55:16.798Z"}
{"level":"info","message":"\u001b[0mPOST /api/auth/login \u001b[32m200\u001b[0m 206.883 ms - 342\u001b[0m","timestamp":"2026-08-27T09:55:25.145Z"}
{"level":"info","message":"\u001b[0mGET /api/auth/me \u001b[32m200\u001b[0m 45.459 ms - 223\u001b[0m","timestamp":"2026-08-27T09:55:59.465Z"}
{"level":"info","message":"\u001b[0mPATCH /api/auth/change-password \u001b[33m401\u001b[0m 10.919 ms - 59\u001b[0m","timestamp":"2026-08-27T09:58:17.496Z"}
{"level":"info","message":"\u001b[0mPATCH /api/auth/change-password \u001b[32m200\u001b[0m 208.142 ms - 62\u001b[0m","timestamp":"2026-08-27T09:58:42.488Z"}
{"level":"info","message":"\u001b[0mPOST /api/auth/forgot-password \u001b[32m200\u001b[0m 14619.568 ms - 79\u001b[0m","timestamp":"2026-08-27T10:00:02.563Z"}
{"level":"info","message":"\u001b[0mGET /api/auth/reset-password/b3745312a668bb3a2aa20b915fb8a24d0b4fb40e1812ae16b88602830bbbe57a \u001b[33m404\u001b[0m 2.070 ms - 227\u001b[0m","timestamp":"2026-08-27T10:00:16.741Z"}
{"level":"info","message":"\u001b[0mPOST /api/auth/reset-password/b3745312a668bb3a2aa20b915fb8a24d0b4fb40e1812ae16b88602830bbbe57a \u001b[33m400\u001b[0m 0.679 ms - 66\u001b[0m","timestamp":"2026-08-27T10:01:15.309Z"}
{"level":"info","message":"\u001b[0mPOST /api/auth/reset-password/b3745312a668bb3a2aa20b915fb8a24d0b4fb40e1812ae16b88602830bbbe57a \u001b[32m200\u001b[0m 96.349 ms - 60\u001b[0m","timestamp":"2026-08-27T10:01:28.770Z"}
{"level":"info","message":"\u001b[0mGET /api/users?page=1&limit=10 \u001b[33m401\u001b[0m 0.867 ms - 59\u001b[0m","timestamp":"2026-08-27T10:14:57.065Z"}
{"level":"info","message":"\u001b[0mPOST /api/auth/login \u001b[33m401\u001b[0m 80.285 ms - 55\u001b[0m","timestamp":"2026-08-27T10:16:13.413Z"}
{"level":"info","message":"\u001b[0mPOST /api/auth/login \u001b[32m200\u001b[0m 90.058 ms - 343\u001b[0m","timestamp":"2026-08-27T10:16:21.644Z"}
{"level":"info","message":"\u001b[0mGET /api/users?page=1&limit=10 \u001b[32m200\u001b[0m 5.815 ms - 1452\u001b[0m","timestamp":"2026-08-27T10:19:14.967Z"}
{"level":"info","message":"\u001b[0mPOST /api/auth/register \u001b[32m201\u001b[0m 84.702 ms - 252\u001b[0m","timestamp":"2026-08-27T10:20:22.011Z"}
{"level":"info","message":"\u001b[0mGET /api/users \u001b[32m200\u001b[0m 3.421 ms - 599\u001b[0m","timestamp":"2026-08-27T10:20:39.105Z"}
{"level":"info","message":"\u001b[0mGET /api/users?search=z \u001b[32m200\u001b[0m 4.260 ms - 599\u001b[0m","timestamp":"2026-08-27T10:21:03.875Z"}
{"level":"info","message":"\u001b[0mGET /api/users?sort=name \u001b[32m200\u001b[0m 7.570 ms - 900\u001b[0m","timestamp":"2026-08-27T10:21:19.779Z"}
{"level":"info","message":"\u001b[0mGET /api/users?age=25 \u001b[32m200\u001b[0m 3.530 ms - 2\u001b[0m","timestamp":"2026-08-27T10:21:45.074Z"}
{"level":"info","message":"\u001b[0mGET /api/users?page=1&limit=10&search=ali&sort=name \u001b[32m200\u001b[0m 4.146 ms - 1750\u001b[0m","timestamp":"2026-08-27T10:22:07.996Z"}
{"level":"info","message":"\u001b[0mGET /api/users?page=1&limit=10&search=ali&sort=age \u001b[32m200\u001b[0m 4.248 ms - 1702\u001b[0m","timestamp":"2026-08-27T10:22:15.029Z"}
{"level":"info","message":"\u001b[0mGET /api/users?page=1 \u001b[32m200\u001b[0m 42.206 ms - 1547\u001b[0m","timestamp":"2026-08-27T10:24:48.929Z"}
{"level":"info","message":"\u001b[0mGET /api/users \u001b[32m200\u001b[0m 8.054 ms - 1547\u001b[0m","timestamp":"2026-08-27T10:25:59.215Z"}
{"level":"info","message":"\u001b[0mGET /api/users?page=2&limit=10&search=ali&sort=age \u001b[32m200\u001b[0m 7.511 ms - 2133\u001b[0m","timestamp":"2026-08-27T10:26:11.389Z"}
{"level":"info","message":"\u001b[0mGET /api/users?page=1&limit=10&search=ali&sort=name&age=25 \u001b[32m200\u001b[0m 37.300 ms - 279\u001b[0m","timestamp":"2026-08-27T10:31:44.840Z"}
{"level":"info","message":"\u001b[0mPOST /api/auth/register \u001b[32m201\u001b[0m 385.411 ms - 254\u001b[0m","timestamp":"2026-09-02T10:47:13.116Z"}
{"level":"info","message":"\u001b[0mGET /api-docs \u001b[36m301\u001b[0m 10.119 ms - 158\u001b[0m","timestamp":"2026-09-02T11:11:46.571Z"}
{"level":"info","message":"\u001b[0mGET /api-docs/ \u001b[32m200\u001b[0m 9.058 ms - 3106\u001b[0m","timestamp":"2026-09-02T11:11:46.594Z"}
{"level":"info","message":"\u001b[0mGET /api-docs/swagger-ui-init.js \u001b[32m200\u001b[0m 0.626 ms - 1756\u001b[0m","timestamp":"2026-09-02T11:11:46.843Z"}
{"level":"info","message":"\u001b[0mGET /api-docs/swagger-ui.css \u001b[32m200\u001b[0m 17.181 ms - 185784\u001b[0m","timestamp":"2026-09-02T11:11:46.854Z"}
{"level":"info","message":"\u001b[0mGET /api-docs/swagger-ui-bundle.js \u001b[32m200\u001b[0m 12.605 ms - 1553809\u001b[0m","timestamp":"2026-09-02T11:11:46.871Z"}
{"level":"info","message":"\u001b[0mGET /api-docs/swagger-ui-standalone-preset.js \u001b[32m200\u001b[0m 320.340 ms - 268713\u001b[0m","timestamp":"2026-09-02T11:11:47.165Z"}
{"level":"info","message":"\u001b[0mGET /api-docs/favicon-32x32.png \u001b[32m200\u001b[0m 9.795 ms - 628\u001b[0m","timestamp":"2026-09-02T11:11:48.032Z"}
{"level":"info","message":"\u001b[0mGET /api-docs/ \u001b[36m304\u001b[0m 17.111 ms - -\u001b[0m","timestamp":"2026-09-02T11:13:53.266Z"}
{"level":"info","message":"\u001b[0mGET /api-docs/swagger-ui.css \u001b[36m304\u001b[0m 5.533 ms - -\u001b[0m","timestamp":"2026-09-02T11:13:53.397Z"}
{"level":"info","message":"\u001b[0mGET /api-docs/swagger-ui-bundle.js \u001b[36m304\u001b[0m 1.890 ms - -\u001b[0m","timestamp":"2026-09-02T11:13:53.402Z"}
{"level":"info","message":"\u001b[0mGET /api-docs/swagger-ui-init.js \u001b[32m200\u001b[0m 1.163 ms - 2037\u001b[0m","timestamp":"2026-09-02T11:13:53.411Z"}
{"level":"info","message":"\u001b[0mGET /api-docs/swagger-ui-standalone-preset.js \u001b[36m304\u001b[0m 7.576 ms - -\u001b[0m","timestamp":"2026-09-02T11:13:53.414Z"}
{"level":"info","message":"\u001b[0mGET /api-docs/favicon-32x32.png \u001b[36m304\u001b[0m 1.030 ms - -\u001b[0m","timestamp":"2026-09-02T11:13:54.180Z"}
{"level":"info","message":"\u001b[0mGET /users \u001b[33m404\u001b[0m 21.930 ms - 144\u001b[0m","timestamp":"2026-09-02T11:14:05.664Z"}
{"level":"info","message":"\u001b[0mGET /api-docs/ \u001b[36m304\u001b[0m 11.375 ms - -\u001b[0m","timestamp":"2026-09-02T11:16:12.385Z"}
{"level":"info","message":"\u001b[0mGET /api-docs/swagger-ui.css \u001b[36m304\u001b[0m 4.153 ms - -\u001b[0m","timestamp":"2026-09-02T11:16:12.645Z"}
{"level":"info","message":"\u001b[0mGET /api-docs/swagger-ui-init.js \u001b[32m200\u001b[0m 1.495 ms - 3229\u001b[0m","timestamp":"2026-09-02T11:16:12.661Z"}
{"level":"info","message":"\u001b[0mGET /api-docs/swagger-ui-bundle.js \u001b[36m304\u001b[0m 20.317 ms - -\u001b[0m","timestamp":"2026-09-02T11:16:12.673Z"}
{"level":"info","message":"\u001b[0mGET /api-docs/swagger-ui-standalone-preset.js \u001b[36m304\u001b[0m 1.769 ms - -\u001b[0m","timestamp":"2026-09-02T11:16:12.678Z"}
{"level":"info","message":"\u001b[0mGET /api-docs/favicon-32x32.png \u001b[36m304\u001b[0m 1.567 ms - -\u001b[0m","timestamp":"2026-09-02T11:16:13.092Z"}
{"level":"info","message":"\u001b[0mGET /api-docs \u001b[36m301\u001b[0m 3.804 ms - 158\u001b[0m","timestamp":"2026-09-04T08:48:02.227Z"}
{"level":"info","message":"\u001b[0mGET /api-docs/ \u001b[32m200\u001b[0m 4.688 ms - 3106\u001b[0m","timestamp":"2026-09-04T08:48:02.237Z"}
{"level":"info","message":"\u001b[0mGET /api-docs/swagger-ui.css \u001b[32m200\u001b[0m 6.192 ms - 185784\u001b[0m","timestamp":"2026-09-04T08:48:02.407Z"}
{"level":"info","message":"\u001b[0mGET /api-docs/swagger-ui-standalone-preset.js \u001b[32m200\u001b[0m 2.313 ms - 268713\u001b[0m","timestamp":"2026-09-04T08:48:02.430Z"}
{"level":"info","message":"\u001b[0mGET /api-docs/swagger-ui-bundle.js \u001b[32m200\u001b[0m 0.993 ms - 1553809\u001b[0m","timestamp":"2026-09-04T08:48:02.444Z"}
{"level":"info","message":"\u001b[0mGET /api-docs/swagger-ui-init.js \u001b[32m200\u001b[0m 0.620 ms - 3229\u001b[0m","timestamp":"2026-09-04T08:48:02.470Z"}
{"level":"info","message":"\u001b[0mGET /api-docs/favicon-32x32.png \u001b[36m304\u001b[0m 2.253 ms - -\u001b[0m","timestamp":"2026-09-04T08:48:03.152Z"}
{"level":"info","message":"\u001b[0mGET /api-docs/ \u001b[36m304\u001b[0m 6.742 ms - -\u001b[0m","timestamp":"2026-09-04T08:49:22.125Z"}
{"level":"info","message":"\u001b[0mGET /api-docs/swagger-ui.css \u001b[36m304\u001b[0m 6.799 ms - -\u001b[0m","timestamp":"2026-09-04T08:49:22.217Z"}
{"level":"info","message":"\u001b[0mGET /api-docs/swagger-ui-bundle.js \u001b[36m304\u001b[0m 5.666 ms - -\u001b[0m","timestamp":"2026-09-04T08:49:22.227Z"}
{"level":"info","message":"\u001b[0mGET /api-docs/swagger-ui-init.js \u001b[32m200\u001b[0m 0.653 ms - 4283\u001b[0m","timestamp":"2026-09-04T08:49:22.233Z"}
{"level":"info","message":"\u001b[0mGET /api-docs/swagger-ui-standalone-preset.js \u001b[36m304\u001b[0m 5.697 ms - -\u001b[0m","timestamp":"2026-09-04T08:49:22.235Z"}
{"level":"info","message":"\u001b[0mGET /api-docs/favicon-32x32.png \u001b[36m304\u001b[0m 0.750 ms - -\u001b[0m","timestamp":"2026-09-04T08:49:22.576Z"}
{"level":"info","message":"\u001b[0mGET /api-docs/ \u001b[36m304\u001b[0m 6.609 ms - -\u001b[0m","timestamp":"2026-09-04T08:49:56.466Z"}
{"level":"info","message":"\u001b[0mGET /api-docs/swagger-ui.css \u001b[36m304\u001b[0m 2.500 ms - -\u001b[0m","timestamp":"2026-09-04T08:49:56.587Z"}
{"level":"info","message":"\u001b[0mGET /api-docs/swagger-ui-init.js \u001b[32m200\u001b[0m 1.839 ms - 4283\u001b[0m","timestamp":"2026-09-04T08:49:56.607Z"}
{"level":"info","message":"\u001b[0mGET /api-docs/swagger-ui-bundle.js \u001b[36m304\u001b[0m 13.173 ms - -\u001b[0m","timestamp":"2026-09-04T08:49:56.611Z"}
{"level":"info","message":"\u001b[0mGET /api-docs/swagger-ui-standalone-preset.js \u001b[36m304\u001b[0m 12.850 ms - -\u001b[0m","timestamp":"2026-09-04T08:49:56.612Z"}
{"level":"info","message":"\u001b[0mGET /api-docs/favicon-32x32.png \u001b[36m304\u001b[0m 0.782 ms - -\u001b[0m","timestamp":"2026-09-04T08:49:56.842Z"}
{"level":"info","message":"\u001b[0mGET /api-docs/ \u001b[36m304\u001b[0m 5.010 ms - -\u001b[0m","timestamp":"2026-09-04T08:50:13.472Z"}
{"level":"info","message":"\u001b[0mGET /api-docs/swagger-ui.css \u001b[36m304\u001b[0m 3.003 ms - -\u001b[0m","timestamp":"2026-09-04T08:50:13.568Z"}
{"level":"info","message":"\u001b[0mGET /api-docs/swagger-ui-init.js \u001b[32m200\u001b[0m 0.475 ms - 4283\u001b[0m","timestamp":"2026-09-04T08:50:13.575Z"}
{"level":"info","message":"\u001b[0mGET /api-docs/swagger-ui-bundle.js \u001b[36m304\u001b[0m 4.574 ms - -\u001b[0m","timestamp":"2026-09-04T08:50:13.577Z"}
{"level":"info","message":"\u001b[0mGET /api-docs/swagger-ui-standalone-preset.js \u001b[36m304\u001b[0m 4.835 ms - -\u001b[0m","timestamp":"2026-09-04T08:50:13.578Z"}
{"level":"info","message":"\u001b[0mGET /api-docs/favicon-32x32.png \u001b[36m304\u001b[0m 0.666 ms - -\u001b[0m","timestamp":"2026-09-04T08:50:13.731Z"}
{"level":"info","message":"\u001b[0mGET /api-docs/ \u001b[36m304\u001b[0m 6.231 ms - -\u001b[0m","timestamp":"2026-09-04T09:07:48.806Z"}
{"level":"info","message":"\u001b[0mGET /api-docs/swagger-ui.css \u001b[36m304\u001b[0m 2.643 ms - -\u001b[0m","timestamp":"2026-09-04T09:07:48.891Z"}
{"level":"info","message":"\u001b[0mGET /api-docs/swagger-ui-bundle.js \u001b[36m304\u001b[0m 1.667 ms - -\u001b[0m","timestamp":"2026-09-04T09:07:48.895Z"}
{"level":"info","message":"\u001b[0mGET /api-docs/swagger-ui-init.js \u001b[32m200\u001b[0m 0.927 ms - 14312\u001b[0m","timestamp":"2026-09-04T09:07:48.901Z"}
{"level":"info","message":"\u001b[0mGET /api-docs/swagger-ui-standalone-preset.js \u001b[36m304\u001b[0m 5.697 ms - -\u001b[0m","timestamp":"2026-09-04T09:07:48.903Z"}
{"level":"info","message":"\u001b[0mGET /api-docs/favicon-32x32.png \u001b[36m304\u001b[0m 1.388 ms - -\u001b[0m","timestamp":"2026-09-04T09:07:49.216Z"}
{"level":"info","message":"\u001b[0mPOST /api/auth/register \u001b[32m201\u001b[0m 169.378 ms - 249\u001b[0m","timestamp":"2026-09-04T09:09:25.601Z"}
{"level":"info","message":"\u001b[0mGET /api/users \u001b[33m401\u001b[0m 39.390 ms - 59\u001b[0m","timestamp":"2026-09-25T12:05:06.466Z"}
{"level":"info","message":"\u001b[0mGET /api-docs \u001b[36m301\u001b[0m 4.623 ms - 158\u001b[0m","timestamp":"2026-10-04T10:10:41.297Z"}
{"level":"info","message":"\u001b[0mGET /api-docs/ \u001b[32m200\u001b[0m 3.447 ms - 3106\u001b[0m","timestamp":"2026-10-04T10:10:41.308Z"}
{"level":"info","message":"\u001b[0mGET /api-docs/swagger-ui.css \u001b[32m200\u001b[0m 5.106 ms - 185784\u001b[0m","timestamp":"2026-10-04T10:10:41.506Z"}
{"level":"info","message":"\u001b[0mGET /api-docs/swagger-ui-init.js \u001b[32m200\u001b[0m 1.844 ms - 14312\u001b[0m","timestamp":"2026-10-04T10:10:41.531Z"}
{"level":"info","message":"\u001b[0mGET /api-docs/swagger-ui-standalone-preset.js \u001b[32m200\u001b[0m 257.752 ms - 268713\u001b[0m","timestamp":"2026-10-04T10:10:41.779Z"}
{"level":"info","message":"\u001b[0mGET /api-docs/swagger-ui-bundle.js \u001b[32m200\u001b[0m 393.293 ms - 1553809\u001b[0m","timestamp":"2026-10-04T10:10:41.913Z"}
{"level":"info","message":"\u001b[0mGET /api-docs/favicon-32x32.png \u001b[32m200\u001b[0m 3.103 ms - 628\u001b[0m","timestamp":"2026-10-04T10:10:42.355Z"}
